<html>
<body>
<pre>
<h1>µVision Build Log</h1>
<h2>Tool Versions:</h2>
IDE-Version: ¦ÌVision V5.14.0.0
Copyright (C) 2015 ARM Ltd and ARM Germany GmbH. All rights reserved.
License Information: Q Q, Q, LIC=TA374-F18V5-ULQCE-5T355-UIXF4-4T5S9
 
Tool Versions:
Toolchain:       MDK-ARM Professional  Version: 5.14.0.0
Toolchain Path:  E:\Keil\main\ARM\ARMCC\Bin
C Compiler:      Armcc.exe V5.05 update 1 (build 106)
Assembler:       Armasm.exe V5.05 update 1 (build 106)
Linker/Locator:  ArmLink.exe V5.05 update 1 (build 106)
Library Manager: ArmAr.exe V5.05 update 1 (build 106)
Hex Converter:   FromElf.exe V5.05 update 1 (build 106)
CPU DLL:         SARMCM3.DLL V5.14.0.0
Dialog DLL:      DCM.DLL V1.13.1.0
Target DLL:      Segger\JL2CM3.dll V2.99.13.0
Dialog DLL:      TCM.DLL V1.14.4.0
 
<h2>Project:</h2>
D:\lenovo\Documents\GitHub\New_Infantry\MDK-ARM\New_Infantry.uvprojx
Project File Date:  11/23/2017

<h2>Output:</h2>
Build target 'New_Infantry'
compiling main.c...
../Inc/includes.h(31): warning:  #1-D: last line of file ends without a newline
  #endif /* __INCLUDES_H */
..\Tasks\Inc\RemoteTask.h(145): warning:  #1295-D: Deprecated declaration InitRemoteControl - give arg types
  void InitRemoteControl();
..\Tasks\Inc\RemoteTask.h(146): warning:  #1295-D: Deprecated declaration RemoteTaskInit - give arg types
  void RemoteTaskInit();
..\Tasks\Inc\IMUTask.h(146): warning:  #1295-D: Deprecated declaration IMURefresh - give arg types
  void IMURefresh();
..\Tasks\Inc\CANTask.h(56): warning:  #1295-D: Deprecated declaration InitCanReception - give arg types
  void InitCanReception();
..\Tasks\Inc\ShootTask.h(72): warning:  #1-D: last line of file ends without a newline
  #endif /* __SHOOTTASK_H */
../Inc/includes.h(31): warning:  #1-D: last line of file ends without a newline
  #endif /* __INCLUDES_H */
../Src/main.c: 7 warnings, 0 errors
compiling RemoteTask.c...
../Inc/includes.h(31): warning:  #1-D: last line of file ends without a newline
  #endif /* __INCLUDES_H */
..\Tasks\Inc\RemoteTask.h(145): warning:  #1295-D: Deprecated declaration InitRemoteControl - give arg types
  void InitRemoteControl();
..\Tasks\Inc\RemoteTask.h(146): warning:  #1295-D: Deprecated declaration RemoteTaskInit - give arg types
  void RemoteTaskInit();
..\Tasks\Inc\IMUTask.h(146): warning:  #1295-D: Deprecated declaration IMURefresh - give arg types
  void IMURefresh();
..\Tasks\Inc\CANTask.h(56): warning:  #1295-D: Deprecated declaration InitCanReception - give arg types
  void InitCanReception();
..\Tasks\Inc\ShootTask.h(72): warning:  #1-D: last line of file ends without a newline
  #endif /* __SHOOTTASK_H */
../Inc/includes.h(31): warning:  #1-D: last line of file ends without a newline
  #endif /* __INCLUDES_H */
..\Tasks\Src\RemoteTask.c(127): warning:  #223-D: function "abs" declared implicitly
                        if(abs(ChassisSpeedRef.forward_back_ref) + abs(ChassisSpeedRef.left_right_ref) > 500)
..\Tasks\Src\RemoteTask.c(149): warning:  #223-D: function "abs" declared implicitly
                                if(abs(ChassisSpeedRef.forward_back_ref) + abs(ChassisSpeedRef.left_right_ref) > 400)
..\Tasks\Src\RemoteTask.c: 9 warnings, 0 errors
compiling ControlTask.c...
../Inc/includes.h(31): warning:  #1-D: last line of file ends without a newline
  #endif /* __INCLUDES_H */
..\Tasks\Inc\RemoteTask.h(145): warning:  #1295-D: Deprecated declaration InitRemoteControl - give arg types
  void InitRemoteControl();
..\Tasks\Inc\RemoteTask.h(146): warning:  #1295-D: Deprecated declaration RemoteTaskInit - give arg types
  void RemoteTaskInit();
..\Tasks\Inc\IMUTask.h(146): warning:  #1295-D: Deprecated declaration IMURefresh - give arg types
  void IMURefresh();
..\Tasks\Inc\CANTask.h(56): warning:  #1295-D: Deprecated declaration InitCanReception - give arg types
  void InitCanReception();
..\Tasks\Inc\ShootTask.h(72): warning:  #1-D: last line of file ends without a newline
  #endif /* __SHOOTTASK_H */
../Inc/includes.h(31): warning:  #1-D: last line of file ends without a newline
  #endif /* __INCLUDES_H */
..\Tasks\Src\ControlTask.c(342): warning:  #1-D: last line of file ends without a newline
  }
..\Tasks\Src\ControlTask.c: 8 warnings, 0 errors
compiling IMUTask.c...
../Inc/includes.h(31): warning:  #1-D: last line of file ends without a newline
  #endif /* __INCLUDES_H */
..\Tasks\Inc\RemoteTask.h(145): warning:  #1295-D: Deprecated declaration InitRemoteControl - give arg types
  void InitRemoteControl();
..\Tasks\Inc\RemoteTask.h(146): warning:  #1295-D: Deprecated declaration RemoteTaskInit - give arg types
  void RemoteTaskInit();
..\Tasks\Inc\IMUTask.h(146): warning:  #1295-D: Deprecated declaration IMURefresh - give arg types
  void IMURefresh();
..\Tasks\Inc\CANTask.h(56): warning:  #1295-D: Deprecated declaration InitCanReception - give arg types
  void InitCanReception();
..\Tasks\Inc\ShootTask.h(72): warning:  #1-D: last line of file ends without a newline
  #endif /* __SHOOTTASK_H */
../Inc/includes.h(31): warning:  #1-D: last line of file ends without a newline
  #endif /* __INCLUDES_H */
..\Tasks\Src\IMUTask.c(117): warning:  #1-D: last line of file ends without a newline
  }
..\Tasks\Src\IMUTask.c: 8 warnings, 0 errors
compiling CANTask.c...
../Inc/includes.h(31): warning:  #1-D: last line of file ends without a newline
  #endif /* __INCLUDES_H */
..\Tasks\Inc\RemoteTask.h(145): warning:  #1295-D: Deprecated declaration InitRemoteControl - give arg types
  void InitRemoteControl();
..\Tasks\Inc\RemoteTask.h(146): warning:  #1295-D: Deprecated declaration RemoteTaskInit - give arg types
  void RemoteTaskInit();
..\Tasks\Inc\IMUTask.h(146): warning:  #1295-D: Deprecated declaration IMURefresh - give arg types
  void IMURefresh();
..\Tasks\Inc\CANTask.h(56): warning:  #1295-D: Deprecated declaration InitCanReception - give arg types
  void InitCanReception();
..\Tasks\Inc\ShootTask.h(72): warning:  #1-D: last line of file ends without a newline
  #endif /* __SHOOTTASK_H */
../Inc/includes.h(31): warning:  #1-D: last line of file ends without a newline
  #endif /* __INCLUDES_H */
..\Tasks\Src\CANTask.c(170): warning:  #1-D: last line of file ends without a newline
  }
..\Tasks\Src\CANTask.c: 8 warnings, 0 errors
compiling pid_regulator.c...
../Inc/includes.h(31): warning:  #1-D: last line of file ends without a newline
  #endif /* __INCLUDES_H */
..\Tasks\Inc\RemoteTask.h(145): warning:  #1295-D: Deprecated declaration InitRemoteControl - give arg types
  void InitRemoteControl();
..\Tasks\Inc\RemoteTask.h(146): warning:  #1295-D: Deprecated declaration RemoteTaskInit - give arg types
  void RemoteTaskInit();
..\Tasks\Inc\IMUTask.h(146): warning:  #1295-D: Deprecated declaration IMURefresh - give arg types
  void IMURefresh();
..\Tasks\Inc\CANTask.h(56): warning:  #1295-D: Deprecated declaration InitCanReception - give arg types
  void InitCanReception();
..\Tasks\Inc\ShootTask.h(72): warning:  #1-D: last line of file ends without a newline
  #endif /* __SHOOTTASK_H */
../Inc/includes.h(31): warning:  #1-D: last line of file ends without a newline
  #endif /* __INCLUDES_H */
..\Tasks\Src\pid_regulator.c: 7 warnings, 0 errors
compiling ShootTask.c...
../Inc/includes.h(31): warning:  #1-D: last line of file ends without a newline
  #endif /* __INCLUDES_H */
..\Tasks\Inc\RemoteTask.h(145): warning:  #1295-D: Deprecated declaration InitRemoteControl - give arg types
  void InitRemoteControl();
..\Tasks\Inc\RemoteTask.h(146): warning:  #1295-D: Deprecated declaration RemoteTaskInit - give arg types
  void RemoteTaskInit();
..\Tasks\Inc\IMUTask.h(146): warning:  #1295-D: Deprecated declaration IMURefresh - give arg types
  void IMURefresh();
..\Tasks\Inc\CANTask.h(56): warning:  #1295-D: Deprecated declaration InitCanReception - give arg types
  void InitCanReception();
..\Tasks\Inc\ShootTask.h(72): warning:  #1-D: last line of file ends without a newline
  #endif /* __SHOOTTASK_H */
../Inc/includes.h(31): warning:  #1-D: last line of file ends without a newline
  #endif /* __INCLUDES_H */
..\Tasks\Src\ShootTask.c(222): warning:  #1-D: last line of file ends without a newline
  }
..\Tasks\Src\ShootTask.c: 8 warnings, 0 errors
linking...
Program Size: Code=17984 RO-data=512 RW-data=960 ZI-data=1648  
"New_Infantry\New_Infantry.axf" - 0 Error(s), 55 Warning(s).

<h2>Software Packages used:</h2>

Package Vendor: ARM
                http://www.keil.com/pack/ARM.CMSIS.4.2.0.pack
                ARM::CMSIS:CORE:3.40.0
                CMSIS (Cortex Microcontroller Software Interface Standard)
   * Component: CORE Version: 3.40.0

<h2>Collection of Component include folders:</h2>
  D:\lenovo\Documents\GitHub\New_Infantry\MDK-ARM\RTE
  E:\Keil\main\ARM\PACK\ARM\CMSIS\4.2.0\CMSIS\Include
  E:\Keil\main\ARM\PACK\Keil\STM32F4xx_DFP\2.11.0

<h2>Collection of Component Files used:</h2>

   * Component: ARM::CMSIS:CORE:3.40.0
      Source file:   CMSIS\UserCodeTemplates\ARM\ITM_Retarget.c
</pre>
</body>
</html>
