<html>
<body>
<pre>
<h1>µVision Build Log</h1>
<h2>Tool Versions:</h2>
IDE-Version: ¦ÌVision V5.14.0.0
Copyright (C) 2015 ARM Ltd and ARM Germany GmbH. All rights reserved.
License Information: Allen Chen, RM, LIC=8MZ9U-ST82P-EYUVT-RXUQR-H6EJ7-MYQRR
 
Tool Versions:
Toolchain:       MDK-ARM Professional  Version: 5.14.0.0
Toolchain Path:  D:\Keil_v5\ARM\ARMCC\Bin
C Compiler:      Armcc.exe V5.05 update 1 (build 106)
Assembler:       Armasm.exe V5.05 update 1 (build 106)
Linker/Locator:  ArmLink.exe V5.05 update 1 (build 106)
Library Manager: ArmAr.exe V5.05 update 1 (build 106)
Hex Converter:   FromElf.exe V5.05 update 1 (build 106)
CPU DLL:         SARMCM3.DLL V5.14.0.0
Dialog DLL:      DCM.DLL V1.13.1.0
Target DLL:      Segger\JL2CM3.dll V2.99.13.0
Dialog DLL:      TCM.DLL V1.14.4.0
 
<h2>Project:</h2>
E:\New_Infantry\New_Infantry\MDK-ARM\New_Infantry.uvprojx
Project File Date:  11/16/2017

<h2>Output:</h2>
Build target 'New_Infantry'
compiling ControlTask.c...
../Inc/includes.h(20): warning:  #1-D: last line of file ends without a newline
  #endif /* __INCLUDES_H */
..\Tasks\Inc\RemoteTask.h(66): warning:  #1295-D: Deprecated declaration InitRemoteControl - give arg types
  void InitRemoteControl();
..\Tasks\Inc\RemoteTask.h(69): warning:  #1295-D: Deprecated declaration RemoteTaskInit - give arg types
  void RemoteTaskInit();
..\Tasks\Inc\IMUTask.h(136): warning:  #1295-D: Deprecated declaration IMURefresh - give arg types
  void IMURefresh();
..\Tasks\Inc\CANTask.h(46): warning:  #1295-D: Deprecated declaration InitCanReception - give arg types
  void InitCanReception();
../Inc/includes.h(20): warning:  #1-D: last line of file ends without a newline
  #endif /* __INCLUDES_H */
..\Tasks\Src\ControlTask.c(331): warning:  #1-D: last line of file ends without a newline
  }
..\Tasks\Src\ControlTask.c: 7 warnings, 0 errors
linking...
Program Size: Code=16472 RO-data=512 RW-data=828 ZI-data=1620  
"New_Infantry\New_Infantry.axf" - 0 Error(s), 7 Warning(s).

<h2>Software Packages used:</h2>

Package Vendor: ARM
                http://www.keil.com/pack/ARM.CMSIS.4.2.0.pack
                ARM::CMSIS:CORE:3.40.0
                CMSIS (Cortex Microcontroller Software Interface Standard)
   * Component: CORE Version: 3.40.0

<h2>Collection of Component include folders:</h2>
  E:\New_Infantry\New_Infantry\MDK-ARM\RTE
  D:\Keil_v5\ARM\PACK\ARM\CMSIS\4.2.0\CMSIS\Include
  D:\Keil_v5\ARM\PACK\Keil\STM32F4xx_DFP\2.3.0\Drivers\CMSIS\Device\ST\STM32F4xx\Include

<h2>Collection of Component Files used:</h2>

   * Component: ARM::CMSIS:CORE:3.40.0
      Source file:   CMSIS\UserCodeTemplates\ARM\ITM_Retarget.c
</pre>
</body>
</html>
